
> neuriva@1.0.0 build
> next build

Ôû▓ Next.js 16.1.1 (Turbopack)

  Creating an optimized production build ...
npm : 
Au caractère Ligne:1 : 1
+ npm run build > 
build_output.txt 2>&1
+ ~~~~~~~~~~~~~~~~~~~~~~~~~~
~~~~~~~~~~~
    + CategoryInfo          
    : NotSpecified: (:Stri  
  ng) [], RemoteException
    + FullyQualifiedErrorId 
    : NativeCommandError
 
> Build error occurred
Error: Turbopack build 
failed with 1 errors:
./app/globals.css
Error evaluating Node.js 
code
Error: It looks like you're 
trying to use `tailwindcss` 
directly as a PostCSS 
plugin. The PostCSS plugin 
has moved to a separate 
package, so to continue 
using Tailwind CSS with 
PostCSS you'll need to 
install 
`@tailwindcss/postcss` and 
update your PostCSS 
configuration.
    [at lt (D:\NEURIVA\node_
modules\tailwindcss\dist\lib
.js:38:1643)]
    at turbopack:///[turbopa
ck-node]/transforms/postcss.
ts:56:14 [D:\NEURIVA\.next\b
uild\chunks\[root-of-the-ser
ver]__6d51cb5d._.js:165:20]
    [at <anonymous>]
    at Module.init (turbopac
k:///[turbopack-node]/transf
orms/postcss.ts:43:33) [D:\N
EURIVA\.next\build\chunks\[r
oot-of-the-server]__6d51cb5d
._.js:155:35]
    at run (turbopack:///[tu
rbopack-node]/ipc/evaluate.t
s:77:20) [D:\NEURIVA\.next\b
uild\chunks\[root-of-the-ser
ver]__44695d76._.js:429:26]

Import trace:
  Client Component Browser:
    ./app/globals.css 
[Client Component Browser]
    ./app/layout.tsx 
[Server Component]


    at Module.init (turbopac
k:///[turbopack-node]/transf
orms/postcss.ts:43:33) [D:\N
EURIVA\.next\build\chunks\[r
oot-of-the-server]__6d51cb5d
._.js:155:35])
    at run (turbopack:///[tu
rbopack-node]/ipc/evaluate.t
s:77:20) [D:\NEURIVA\.next\b
uild\chunks\[root-of-the-ser
ver]__44695d76._.js:429:26])
